// Jest Snapshot v1, https://goo.gl/fbAQLP

exports[`5 day forecast page render 1`] = `
<div>
  <h3
    className="page-heading"
  >
    5 day forecast
  </h3>
  <div
    className="flex-carousel_wrapper"
  >
    <div
      className="flex-carousel"
    >
      <div
        className="weather-card"
      >
        <p
          className="weather-card_prefix"
        >
          11 / 5
        </p>
        <p
          className="weather-card_prefix"
        >
          Monday
        </p>
        <h1
          className="weather-card_temp"
        >
          8
          °c
        </h1>
        <img
          alt="weather-svg"
          src="sun-cloud.svg"
        />
        <p
          className="weather-card_prefix"
        >
          High: 
          13
          °c | Low: 
          3
          °c
        </p>
      </div>
      <div
        className="weather-card"
      >
        <p
          className="weather-card_prefix"
        >
          12 / 5
        </p>
        <p
          className="weather-card_prefix"
        >
          Tuesday
        </p>
        <h1
          className="weather-card_temp"
        >
          9
          °c
        </h1>
        <img
          alt="weather-svg"
          src="day.svg"
        />
        <p
          className="weather-card_prefix"
        >
          High: 
          13
          °c | Low: 
          5
          °c
        </p>
      </div>
      <div
        className="weather-card"
      >
        <p
          className="weather-card_prefix"
        >
          13 / 5
        </p>
        <p
          className="weather-card_prefix"
        >
          Wednesday
        </p>
        <h1
          className="weather-card_temp"
        >
          9
          °c
        </h1>
        <img
          alt="weather-svg"
          src="sun-cloud.svg"
        />
        <p
          className="weather-card_prefix"
        >
          High: 
          13
          °c | Low: 
          4
          °c
        </p>
      </div>
      <div
        className="weather-card"
      >
        <p
          className="weather-card_prefix"
        >
          14 / 5
        </p>
        <p
          className="weather-card_prefix"
        >
          Thursday
        </p>
        <h1
          className="weather-card_temp"
        >
          9
          °c
        </h1>
        <img
          alt="weather-svg"
          src="sun-cloud.svg"
        />
        <p
          className="weather-card_prefix"
        >
          High: 
          13
          °c | Low: 
          4
          °c
        </p>
      </div>
      <div
        className="weather-card"
      >
        <p
          className="weather-card_prefix"
        >
          15 / 5
        </p>
        <p
          className="weather-card_prefix"
        >
          Friday
        </p>
        <h1
          className="weather-card_temp"
        >
          11
          °c
        </h1>
        <img
          alt="weather-svg"
          src="day.svg"
        />
        <p
          className="weather-card_prefix"
        >
          High: 
          16
          °c | Low: 
          6
          °c
        </p>
      </div>
    </div>
  </div>
</div>
`;
