// Jest Snapshot v1, https://goo.gl/fbAQLP

exports[`14 day page matches snapshot 1`] = `
<div>
  <h3
    className="page-heading"
  >
    14 day forecast
  </h3>
  <div
    className="flex-carousel_wrapper"
  >
    <div
      className="flex-carousel"
    >
      <div
        className="weather-card"
      >
        <p
          className="weather-card_prefix"
        >
          11/05
        </p>
        <p
          className="weather-card_prefix"
        >
          Monday
        </p>
        <h1
          className="weather-card_temp"
        >
          9
          °c
        </h1>
        <img
          alt="weather-svg"
          src="day.svg"
        />
        <p
          className="weather-card_prefix"
        >
          High: 
          19
          °c | Low: 
          5
          °c
        </p>
      </div>
      <div
        className="weather-card"
      >
        <p
          className="weather-card_prefix"
        >
          12/05
        </p>
        <p
          className="weather-card_prefix"
        >
          Tuesday
        </p>
        <h1
          className="weather-card_temp"
        >
          12
          °c
        </h1>
        <img
          alt="weather-svg"
          src="rain.svg"
        />
        <p
          className="weather-card_prefix"
        >
          High: 
          19
          °c | Low: 
          5
          °c
        </p>
      </div>
      <div
        className="weather-card"
      >
        <p
          className="weather-card_prefix"
        >
          13/05
        </p>
        <p
          className="weather-card_prefix"
        >
          Wednesday
        </p>
        <h1
          className="weather-card_temp"
        >
          14
          °c
        </h1>
        <img
          alt="weather-svg"
          src="rain.svg"
        />
        <p
          className="weather-card_prefix"
        >
          High: 
          19
          °c | Low: 
          5
          °c
        </p>
      </div>
      <div
        className="weather-card"
      >
        <p
          className="weather-card_prefix"
        >
          14/05
        </p>
        <p
          className="weather-card_prefix"
        >
          Thursday
        </p>
        <h1
          className="weather-card_temp"
        >
          14
          °c
        </h1>
        <img
          alt="weather-svg"
          src="light-showers.svg"
        />
        <p
          className="weather-card_prefix"
        >
          High: 
          19
          °c | Low: 
          5
          °c
        </p>
      </div>
      <div
        className="weather-card"
      >
        <p
          className="weather-card_prefix"
        >
          15/05
        </p>
        <p
          className="weather-card_prefix"
        >
          Friday
        </p>
        <h1
          className="weather-card_temp"
        >
          15
          °c
        </h1>
        <img
          alt="weather-svg"
          src="cloudy.svg"
        />
        <p
          className="weather-card_prefix"
        >
          High: 
          19
          °c | Low: 
          5
          °c
        </p>
      </div>
      <div
        className="weather-card"
      >
        <p
          className="weather-card_prefix"
        >
          16/05
        </p>
        <p
          className="weather-card_prefix"
        >
          Saturday
        </p>
        <h1
          className="weather-card_temp"
        >
          13
          °c
        </h1>
        <img
          alt="weather-svg"
          src="cloudy.svg"
        />
        <p
          className="weather-card_prefix"
        >
          High: 
          19
          °c | Low: 
          5
          °c
        </p>
      </div>
      <div
        className="weather-card"
      >
        <p
          className="weather-card_prefix"
        >
          17/05
        </p>
        <p
          className="weather-card_prefix"
        >
          Sunday
        </p>
        <h1
          className="weather-card_temp"
        >
          9
          °c
        </h1>
        <img
          alt="weather-svg"
          src="cloudy.svg"
        />
        <p
          className="weather-card_prefix"
        >
          High: 
          19
          °c | Low: 
          5
          °c
        </p>
      </div>
      <div
        className="weather-card"
      >
        <p
          className="weather-card_prefix"
        >
          18/05
        </p>
        <p
          className="weather-card_prefix"
        >
          Monday
        </p>
        <h1
          className="weather-card_temp"
        >
          10
          °c
        </h1>
        <img
          alt="weather-svg"
          src="cloudy.svg"
        />
        <p
          className="weather-card_prefix"
        >
          High: 
          19
          °c | Low: 
          5
          °c
        </p>
      </div>
      <div
        className="weather-card"
      >
        <p
          className="weather-card_prefix"
        >
          19/05
        </p>
        <p
          className="weather-card_prefix"
        >
          Tuesday
        </p>
        <h1
          className="weather-card_temp"
        >
          17
          °c
        </h1>
        <img
          alt="weather-svg"
          src="sun-cloud.svg"
        />
        <p
          className="weather-card_prefix"
        >
          High: 
          19
          °c | Low: 
          5
          °c
        </p>
      </div>
      <div
        className="weather-card"
      >
        <p
          className="weather-card_prefix"
        >
          20/05
        </p>
        <p
          className="weather-card_prefix"
        >
          Wednesday
        </p>
        <h1
          className="weather-card_temp"
        >
          18
          °c
        </h1>
        <img
          alt="weather-svg"
          src="day.svg"
        />
        <p
          className="weather-card_prefix"
        >
          High: 
          19
          °c | Low: 
          5
          °c
        </p>
      </div>
      <div
        className="weather-card"
      >
        <p
          className="weather-card_prefix"
        >
          21/05
        </p>
        <p
          className="weather-card_prefix"
        >
          Thursday
        </p>
        <h1
          className="weather-card_temp"
        >
          22
          °c
        </h1>
        <img
          alt="weather-svg"
          src="day.svg"
        />
        <p
          className="weather-card_prefix"
        >
          High: 
          19
          °c | Low: 
          5
          °c
        </p>
      </div>
      <div
        className="weather-card"
      >
        <p
          className="weather-card_prefix"
        >
          22/05
        </p>
        <p
          className="weather-card_prefix"
        >
          Friday
        </p>
        <h1
          className="weather-card_temp"
        >
          20
          °c
        </h1>
        <img
          alt="weather-svg"
          src="snowy.svg"
        />
        <p
          className="weather-card_prefix"
        >
          High: 
          19
          °c | Low: 
          5
          °c
        </p>
      </div>
      <div
        className="weather-card"
      >
        <p
          className="weather-card_prefix"
        >
          23/05
        </p>
        <p
          className="weather-card_prefix"
        >
          Saturday
        </p>
        <h1
          className="weather-card_temp"
        >
          17
          °c
        </h1>
        <img
          alt="weather-svg"
          src="hail.svg"
        />
        <p
          className="weather-card_prefix"
        >
          High: 
          19
          °c | Low: 
          5
          °c
        </p>
      </div>
      <div
        className="weather-card"
      >
        <p
          className="weather-card_prefix"
        >
          24/05
        </p>
        <p
          className="weather-card_prefix"
        >
          Sunday
        </p>
        <h1
          className="weather-card_temp"
        >
          12
          °c
        </h1>
        <img
          alt="weather-svg"
          src="light-showers.svg"
        />
        <p
          className="weather-card_prefix"
        >
          High: 
          19
          °c | Low: 
          5
          °c
        </p>
      </div>
    </div>
  </div>
</div>
`;
